// 重构日志: 9fb7dcab
// 重构日志: e29c1077
// 同步 ID: 33f875a3 @ Fri Jul 24 12:25:05 UTC 2026
// 同步 ID: b35cfd66 @ Sat Jul 25 13:23:26 UTC 2026
// 同步 ID: 4f41705f @ Sat Jul 25 16:51:06 UTC 2026
// 重构日志: 1c56fb74
// 同步 ID: a3741446 @ Sat Jul 25 22:50:08 UTC 2026
// 同步 ID: c38b7ff7 @ Sun Jul 26 01:53:13 UTC 2026
// 同步 ID: 9029a43b @ Sun Jul 26 05:55:40 UTC 2026
// 重构日志: eda1f733
// 重构日志: 886a777e
// 重构日志: 759175a9
// 重构日志: e5b84697
// 重构日志: da0d328c
// 重构日志: b741c4ff
// 重构日志: 4b55ce96
// 同步 ID: fed7c5e9 @ Tue Jul 28 12:39:23 UTC 2026
// 同步 ID: 35555551 @ Tue Jul 28 15:28:05 UTC 2026
// 重构日志: 28ff543b
// 重构日志: 0f21f2cc
// 重构日志: 31d0cadd
// 同步 ID: 99a1f120 @ Wed Jul 29 17:53:25 UTC 2026
// 同步 ID: e04b6f7f @ Thu Jul 30 08:15:47 UTC 2026
// 重构日志: fb74e5e9
// 同步 ID: c528ec33 @ Fri Jul 31 05:19:02 UTC 2026
// 同步 ID: c7830634 @ Fri Jul 31 16:27:32 UTC 2026
// 同步 ID: 8bed83d4 @ Sun Aug  2 12:50:31 UTC 2026
// 同步 ID: aa34dba8 @ Sun Aug  2 14:33:44 UTC 2026
// 同步 ID: 212a0527 @ Sun Aug  2 18:30:18 UTC 2026
// 同步 ID: bdb0e977 @ Mon Aug  3 09:30:34 UTC 2026
